// 重构日志: 2b1243bc
// 重构日志: d24e3cb6
// 重构日志: 1cf9eb23
// 重构日志: acae4da6
// 同步 ID: 10a1f9ff @ Sun Jul 26 10:46:21 UTC 2026
// 重构日志: 049e85ac
// 重构日志: 0e363107
// 重构日志: 0fd678b1
// 同步 ID: d055dd9e @ Tue Jul 28 12:51:10 UTC 2026
// 同步 ID: 088d5983 @ Wed Jul 29 05:13:16 UTC 2026
// 同步 ID: 4e05cdf6 @ Thu Jul 30 15:47:03 UTC 2026
// 重构日志: 03f4ad5e
// 重构日志: 96ce7aa2
// 重构日志: d228b80b
// 同步 ID: 16f12a12 @ Sat Aug  1 08:02:42 UTC 2026
// 同步 ID: d6d80101 @ Sat Aug  1 12:37:08 UTC 2026
// 重构日志: c164c7b2
// 同步 ID: a53a941f @ Sun Aug  2 21:51:45 UTC 2026
// 重构日志: 59ea7f8a
// 同步 ID: c736e351 @ Tue Aug  4 08:12:02 UTC 2026
// 重构日志: 746bc4cd
// 同步 ID: 33ebbeff @ Wed Aug  5 08:04:52 UTC 2026
// 重构日志: 49ee115f
// 重构日志: e1761402
// 重构日志: c6fb48c2
// 重构日志: 47298e7b
// 同步 ID: 16cb3a74 @ Fri Aug  7 11:47:06 UTC 2026
// 重构日志: 5e3d6678
// 重构日志: 847eaf88
// 同步 ID: 93f586cf @ Sat Aug  8 14:41:17 UTC 2026
// 重构日志: 647e1999
